// Jest Snapshot v1, https://goo.gl/fbAQLP

exports[`Market snapshot 1`] = `
Array [
  <div
    className="MuiPaper-root MuiCard-root MuiPaper-outlined MuiPaper-rounded"
  >
    <div
      className="MuiCardContent-root"
    >
      <div
        className="MuiGrid-root MuiGrid-container MuiGrid-justify-content-xs-center"
      >
        <div
          className="MuiGrid-root MuiGrid-item MuiGrid-grid-xs-6"
        >
          <h1
            className="MuiTypography-root MuiTypography-h6"
          >
            Will AVAX/USD be greater than or equal to $X on Wed Sep 08 2021?
          </h1>
        </div>
        <div
          className="MuiGrid-root MuiGrid-item MuiGrid-grid-xs-2"
        >
          <div
            className="MuiGrid-root MuiGrid-container"
          >
            <div
              className="MuiGrid-root MuiGrid-item MuiGrid-grid-xs-12"
            >
              <p
                className="MuiTypography-root MuiTypography-body2"
              >
                Predicted Price
              </p>
            </div>
            <div
              className="MuiGrid-root MuiGrid-item MuiGrid-grid-xs-12"
            >
              <p
                className="MuiTypography-root MuiTypography-body1"
              >
                $X
              </p>
            </div>
          </div>
        </div>
        <div
          className="MuiGrid-root MuiGrid-item MuiGrid-grid-xs-2"
        >
          <div
            className="MuiGrid-root MuiGrid-container"
          >
            <div
              className="MuiGrid-root MuiGrid-item MuiGrid-grid-xs-12"
            >
              <p
                className="MuiTypography-root MuiTypography-body2"
              >
                End Date
              </p>
            </div>
            <div
              className="MuiGrid-root MuiGrid-item MuiGrid-grid-xs-12"
            >
              <p
                className="MuiTypography-root MuiTypography-body1"
              >
                Wed Sep 08 2021
              </p>
            </div>
          </div>
        </div>
        <div
          className="MuiGrid-root MuiGrid-item MuiGrid-grid-xs-2"
        >
          <div
            className="MuiGrid-root MuiGrid-container"
          >
            <div
              className="MuiGrid-root MuiGrid-item MuiGrid-grid-xs-12"
            >
              <p
                className="MuiTypography-root MuiTypography-body2"
              >
                Total Volume
              </p>
            </div>
            <div
              className="MuiGrid-root MuiGrid-item MuiGrid-grid-xs-12"
            >
              <p
                className="MuiTypography-root MuiTypography-body1"
              >
                0 AVAX
              </p>
            </div>
          </div>
        </div>
      </div>
    </div>
  </div>,
  <div
    className="MuiPaper-root MuiCard-root MuiPaper-elevation1 MuiPaper-rounded"
  >
    <div
      className="MuiCardContent-root"
    >
      <div
        className="MuiGrid-root MuiGrid-container MuiGrid-justify-content-xs-center"
      >
        <div
          className="MuiGrid-root MuiGrid-item MuiGrid-grid-xs-6"
        >
          <div
            className="MuiGrid-root MuiGrid-container"
          >
            <div
              className="MuiGrid-root MuiGrid-item MuiGrid-grid-xs-6"
            >
              <p
                className="MuiTypography-root MuiTypography-body2"
              >
                Price
              </p>
              <p
                className="MuiTypography-root MuiTypography-body1"
              >
                0 AVAX
              </p>
            </div>
            <div
              className="MuiGrid-root MuiGrid-item MuiGrid-grid-xs-3"
            >
              <p
                className="MuiTypography-root MuiTypography-body2"
              >
                Your Votes
              </p>
              <p
                className="MuiTypography-root MuiTypography-body1"
              >
                0
              </p>
            </div>
          </div>
          <button
            className="MuiButtonBase-root MuiButton-root MuiButton-contained makeStyles-button-1 MuiButton-containedPrimary Mui-disabled Mui-disabled"
            disabled={true}
            onBlur={[Function]}
            onClick={[Function]}
            onDragLeave={[Function]}
            onFocus={[Function]}
            onKeyDown={[Function]}
            onKeyUp={[Function]}
            onMouseDown={[Function]}
            onMouseLeave={[Function]}
            onMouseUp={[Function]}
            onTouchEnd={[Function]}
            onTouchMove={[Function]}
            onTouchStart={[Function]}
            tabIndex={-1}
            type="button"
          >
            <span
              className="MuiButton-label"
            >
              <span
                className="MuiButton-startIcon MuiButton-iconSizeMedium"
              >
                <svg
                  aria-hidden={true}
                  className="MuiSvgIcon-root"
                  focusable="false"
                  viewBox="0 0 24 24"
                >
                  <path
                    d="M9 16.17L4.83 12l-1.42 1.41L9 19 21 7l-1.41-1.41z"
                  />
                </svg>
              </span>
              Yes
            </span>
          </button>
        </div>
        <div
          className="MuiGrid-root MuiGrid-item MuiGrid-grid-xs-6"
        >
          <div
            className="MuiGrid-root MuiGrid-container"
          >
            <div
              className="MuiGrid-root MuiGrid-item MuiGrid-grid-xs-6"
            >
              <p
                className="MuiTypography-root MuiTypography-body2"
              >
                Price
              </p>
              <p
                className="MuiTypography-root MuiTypography-body1"
              >
                0 AVAX
              </p>
            </div>
            <div
              className="MuiGrid-root MuiGrid-item MuiGrid-grid-xs-3"
            >
              <p
                className="MuiTypography-root MuiTypography-body2"
              >
                Your Votes
              </p>
              <p
                className="MuiTypography-root MuiTypography-body1"
              >
                0
              </p>
            </div>
          </div>
          <button
            className="MuiButtonBase-root MuiButton-root MuiButton-contained makeStyles-button-1 Mui-disabled Mui-disabled"
            disabled={true}
            onBlur={[Function]}
            onClick={[Function]}
            onDragLeave={[Function]}
            onFocus={[Function]}
            onKeyDown={[Function]}
            onKeyUp={[Function]}
            onMouseDown={[Function]}
            onMouseLeave={[Function]}
            onMouseUp={[Function]}
            onTouchEnd={[Function]}
            onTouchMove={[Function]}
            onTouchStart={[Function]}
            tabIndex={-1}
            type="button"
          >
            <span
              className="MuiButton-label"
            >
              <span
                className="MuiButton-startIcon MuiButton-iconSizeMedium"
              >
                <svg
                  aria-hidden={true}
                  className="MuiSvgIcon-root"
                  focusable="false"
                  viewBox="0 0 24 24"
                >
                  <path
                    d="M19 6.41L17.59 5 12 10.59 6.41 5 5 6.41 10.59 12 5 17.59 6.41 19 12 13.41 17.59 19 19 17.59 13.41 12z"
                  />
                </svg>
              </span>
              No
            </span>
          </button>
        </div>
        <div
          className="MuiGrid-root MuiGrid-item MuiGrid-grid-xs-12"
        >
          <p
            className="MuiTypography-root MuiTypography-body1"
          >
            How many shares?
          </p>
        </div>
        <div
          className="MuiGrid-root MuiGrid-item MuiGrid-grid-xs-12"
        >
          <div
            className="MuiInputBase-root MuiInput-root MuiInput-underline"
            onClick={[Function]}
          >
            <input
              className="MuiInputBase-input MuiInput-input"
              onAnimationStart={[Function]}
              onBlur={[Function]}
              onChange={[Function]}
              onFocus={[Function]}
              type="number"
              value={0}
            />
          </div>
        </div>
        <div
          className="MuiGrid-root MuiGrid-item MuiGrid-grid-xs-12"
        >
          <p
            className="MuiTypography-root MuiTypography-body1"
          >
            Total Price: 0 AVAX
          </p>
        </div>
        <div
          className="MuiGrid-root MuiGrid-item MuiGrid-grid-xs-12"
        >
          <button
            className="MuiButtonBase-root MuiButton-root MuiButton-contained makeStyles-button-1 MuiButton-containedPrimary Mui-disabled Mui-disabled"
            disabled={true}
            onBlur={[Function]}
            onClick={[Function]}
            onDragLeave={[Function]}
            onFocus={[Function]}
            onKeyDown={[Function]}
            onKeyUp={[Function]}
            onMouseDown={[Function]}
            onMouseLeave={[Function]}
            onMouseUp={[Function]}
            onTouchEnd={[Function]}
            onTouchMove={[Function]}
            onTouchStart={[Function]}
            tabIndex={-1}
            type="button"
          >
            <span
              className="MuiButton-label"
            >
              <span
                className="MuiButton-startIcon MuiButton-iconSizeMedium"
              >
                <svg
                  aria-hidden={true}
                  className="MuiSvgIcon-root"
                  focusable="false"
                  viewBox="0 0 24 24"
                >
                  <path
                    d="M7 18c-1.1 0-1.99.9-1.99 2S5.9 22 7 22s2-.9 2-2-.9-2-2-2zM1 2v2h2l3.6 7.59-1.35 2.45c-.16.28-.25.61-.25.96 0 1.1.9 2 2 2h12v-2H7.42c-.14 0-.25-.11-.25-.25l.03-.12.9-1.63h7.45c.75 0 1.41-.41 1.75-1.03l3.58-6.49c.08-.14.12-.31.12-.48 0-.55-.45-1-1-1H5.21l-.94-2H1zm16 16c-1.1 0-1.99.9-1.99 2s.89 2 1.99 2 2-.9 2-2-.9-2-2-2z"
                  />
                </svg>
              </span>
              Buy
            </span>
          </button>
          <div
            aria-hidden={true}
            className="MuiBackdrop-root makeStyles-backdrop-2"
            style={
              Object {
                "opacity": 0,
                "visibility": "hidden",
              }
            }
          >
            <div
              className="MuiCircularProgress-root MuiCircularProgress-indeterminate"
              role="progressbar"
              style={
                Object {
                  "height": 40,
                  "width": 40,
                }
              }
            >
              <svg
                className="MuiCircularProgress-svg"
                viewBox="22 22 44 44"
              >
                <circle
                  className="MuiCircularProgress-circle MuiCircularProgress-circleIndeterminate"
                  cx={44}
                  cy={44}
                  fill="none"
                  r={20.2}
                  strokeWidth={3.6}
                  style={Object {}}
                />
              </svg>
            </div>
          </div>
        </div>
      </div>
    </div>
  </div>,
]
`;
